
C51 COMPILER V9.54 - SN: K1DZC-LS2R2C
COPYRIGHT Copyright (C) 2012 - 2015 ARM Ltd and ARM Germany GmbH. All rights reserved.

C51 COMPILATION COMPLETE.  0 WARNING(S),  0 ERROR(S)

C51 COMPILER V9.54 - SN: K1DZC-LS2R2C
COPYRIGHT Copyright (C) 2012 - 2015 ARM Ltd and ARM Germany GmbH. All rights reserved.

C51 COMPILATION COMPLETE.  0 WARNING(S),  0 ERROR(S)

C51 COMPILER V9.54 - SN: K1DZC-LS2R2C
COPYRIGHT Copyright (C) 2012 - 2015 ARM Ltd and ARM Germany GmbH. All rights reserved.

C51 COMPILATION COMPLETE.  0 WARNING(S),  0 ERROR(S)

C51 COMPILER V9.54 - SN: K1DZC-LS2R2C
COPYRIGHT Copyright (C) 2012 - 2015 ARM Ltd and ARM Germany GmbH. All rights reserved.

C51 COMPILATION COMPLETE.  0 WARNING(S),  0 ERROR(S)

C51 COMPILER V9.54 - SN: K1DZC-LS2R2C
COPYRIGHT Copyright (C) 2012 - 2015 ARM Ltd and ARM Germany GmbH. All rights reserved.

C51 COMPILATION COMPLETE.  0 WARNING(S),  0 ERROR(S)

C51 COMPILER V9.54 - SN: K1DZC-LS2R2C
COPYRIGHT Copyright (C) 2012 - 2015 ARM Ltd and ARM Germany GmbH. All rights reserved.

C51 COMPILATION COMPLETE.  0 WARNING(S),  0 ERROR(S)

A51 MACRO ASSEMBLER V8.02c - SN: K1DZC-LS2R2C
COPYRIGHT KEIL ELEKTRONIK GmbH 1987 - 2015

ASSEMBLY COMPLETE.  0 WARNING(S), 0 ERROR(S)

LX51 LINKER/LOCATER V4.66.41.0 - SN: K1DZC-LS2R2C
COPYRIGHT ARM Germany GmbH 1995 - 2015
@StarTower.lnp "..\OBJ\STARTUP_M5.obj",
"..\OBJ\main.obj",
"..\OBJ\tower.obj",
"..\OBJ\levels.obj",
"..\OBJ\view.obj",
"..\OBJ\audio.obj",
"..\OBJ\sys.obj"
TO "..\OBJ\StarTower"
PRINT("..\OBJ\StarTower.map") REMOVEUNUSED
CLASSES (XDATA (X:0x8000-X:0xFFFF), HDATA (X:0x8000-X:0xFFFF))


Program Size: data=11.0 xdata=1413 const=0 code=13333
LX51 RUN COMPLETE.  0 WARNING(S),  0 ERROR(S)

Extended 8051/251 Object to Hex File Converter V1.45.0.0
COPYRIGHT KEIL ELEKTRONIK GmbH 2000 - 2015

GENERATING INTEL HEX FILE: ..\OBJ\StarTower.hex
T5L51.bin 13336 bytes; HEX checksums and DWINT5 signature verified
