C51 COMPILER V9.54   AUDIO                                                                 09/08/2026 18:55:26 PAGE 1   


C51 COMPILER V9.54, COMPILATION OF MODULE AUDIO
OBJECT MODULE PLACED IN ..\OBJ\audio.obj
COMPILER INVOKED BY: D:\keil5\C51\BIN\C51.exe audio.c LARGE OPTIMIZE(3) OBJECT(..\OBJ\audio.obj) PRINT(..\OBJ\audio.lst)

line level    source

   1          #include "audio.h"
   2          U8 tower_music_track(void){
   3   1       if(g.page==P_BOOT)return 0;
   4   1       if(g.page==P_WIN)return 3;
   5   1       if(g.floor==FLOORS-1&&g.page!=P_MENU&&g.page!=P_HELP&&!(g.page==P_DIALOG&&g.return_page==P_MENU))return 2
             -;
   6   1       return 1;
   7   1      }
   8          U8 tower_music_volume(void){
   9   1       U8 v=0;if(g.audio_level==1)v=32;
  10   1       if(g.audio_level==2)v=52;
  11   1       if(g.audio_level==3)v=64;
  12   1       if(g.page==P_PAUSE)v/=2;return v;
  13   1      }
  14          void audio_init(TowerAudio *s){s->track=255;s->volume=255;s->wait=0;s->play=0;s->change_volume=0;}
  15          void audio_step(TowerAudio *s,U8 playing){
  16   1       U8 track=tower_music_track(),volume=tower_music_volume();
  17   1       s->play=0;s->change_volume=(volume!=s->volume);
  18   1       if(!volume){s->volume=0;s->track=255;s->wait=0;return;}
  19   1       if(track!=s->track){s->track=track;s->play=1;s->wait=6;}
  20   1       else if(s->wait)s->wait--;
  21   1       else if((track==1||track==2)&&!playing){s->play=1;s->wait=6;}
  22   1       s->volume=volume;
  23   1      }


MODULE INFORMATION:   STATIC OVERLAYABLE
   CODE SIZE        =    570    ----
   CONSTANT SIZE    =   ----    ----
   XDATA SIZE       =   ----      10
   PDATA SIZE       =   ----    ----
   DATA SIZE        =   ----    ----
   IDATA SIZE       =   ----    ----
   BIT SIZE         =   ----    ----
END OF MODULE INFORMATION.


C51 COMPILATION COMPLETE.  0 WARNING(S),  0 ERROR(S)
